Program
  List
    FunctionDeclaration
      IdentifierDeclaration
        UnknownType
        Constant
      List
      VoidType
      Block
        List
          IdentifierDeclarationStatement
            IdentifierDeclaration
              IntType
              Variable
            Opt
              Int
                IntType
          FunctionCallAsStatement
            FunctionCallAsExpression
              InferredType
              IdentifierUse
                InferredType
              List
                IdentifierUse
                  InferredType
                Int
                  IntType
                Bool
                  BoolType
                Float64
                  FloatType
    FunctionDeclaration
      IdentifierDeclaration
        UnknownType
        Constant
      List
        IdentifierDeclaration
          IntType
          Variable
        IdentifierDeclaration
          IntType
          Variable
        IdentifierDeclaration
          BoolType
          Variable
        IdentifierDeclaration
          FloatType
          Variable
      VoidType
      Block
        List
          IdentifierDeclarationStatement
            IdentifierDeclaration
              InferredType
              Variable
            Opt
              IdentifierUse
                InferredType
          IdentifierDeclarationStatement
            IdentifierDeclaration
              InferredType
              Variable
            Opt
              FunctionCallAsExpression
                InferredType
                IdentifierUse
                  InferredType
                List
                  IdentifierUse
                    InferredType
    FunctionDeclaration
      IdentifierDeclaration
        UnknownType
        Constant
      List
        IdentifierDeclaration
          BoolType
          Variable
      BoolType
      Block
        List
          Return
            Opt
              IdentifierUse
                InferredType
