Program
  List
    FunctionDeclaration
      IdentifierDeclaration
        UnknownType
        Constant
      List
      VoidType
      Block
        List
          IdentifierDeclarationStatement
            IdentifierDeclaration
              InferredType
              Variable
            Opt
              Int
                IntType
          IdentifierDeclarationStatement
            IdentifierDeclaration
              InferredType
              Variable
            Opt
              Float64
                FloatType
          IdentifierDeclarationStatement
            IdentifierDeclaration
              InferredType
              Variable
            Opt
              Bool
                BoolType
          IdentifierDeclarationStatement
            IdentifierDeclaration
              InferredType
              Variable
            Opt
              IdentifierUse
                InferredType
          IdentifierDeclarationStatement
            IdentifierDeclaration
              InferredType
              Variable
            Opt
              IdentifierUse
                InferredType
          IdentifierDeclarationStatement
            IdentifierDeclaration
              InferredType
              Variable
            Opt
              IdentifierUse
                InferredType
          IdentifierDeclarationStatement
            IdentifierDeclaration
              InferredType
              Variable
            Opt
              Add
                InferredType
                Mul
                  InferredType
                  IdentifierUse
                    InferredType
                  Int
                    IntType
                IdentifierUse
                  InferredType
          IdentifierDeclarationStatement
            IdentifierDeclaration
              InferredType
              Variable
            Opt
              Add
                InferredType
                IdentifierUse
                  InferredType
                IdentifierUse
                  InferredType
