Program
  List
    FunctionDeclaration
      IdentifierDeclaration
        UnknownType
        Constant
      List
      VoidType
      Block
        List
          FunctionCallAsStatement
            FunctionCallAsExpression
              InferredType
              IdentifierUse
                InferredType
              List
                Int
                  IntType
    FunctionDeclaration
      IdentifierDeclaration
        UnknownType
        Constant
      List
        IdentifierDeclaration
          IntType
          Variable
      VoidType
      Block
        List
