Program
  List
    GlobalVariable
      IdentifierDeclaration
        IntType
        Variable
      Int
        IntType
    GlobalVariable
      IdentifierDeclaration
        BoolType
        Variable
      Bool
        BoolType
    GlobalVariable
      IdentifierDeclaration
        FloatType
        Variable
      Float64
        FloatType
    GlobalVariable
      IdentifierDeclaration
        InferredType
        Variable
      Float64
        FloatType
    GlobalVariable
      IdentifierDeclaration
        InferredType
        Variable
      Add
        InferredType
        Int
          IntType
        Int
          IntType
    FunctionDeclaration
      IdentifierDeclaration
        UnknownType
        Constant
      List
      VoidType
      Block
        List
          IdentifierDeclarationStatement
            IdentifierDeclaration
              IntType
              Variable
            Opt
              IdentifierUse
                InferredType
          IdentifierDeclarationStatement
            IdentifierDeclaration
              InferredType
              Variable
            Opt
              Add
                InferredType
                IdentifierUse
                  InferredType
                IdentifierUse
                  InferredType
